JVM info: Microsoft - 25.0.1 - 25.0.1+8-LTS
java.net.preferIPv4Stack=true
Current Time: 20/09/2026 22:43:57
Host: files.minecraftforge.net [104.21.58.163, 172.67.161.211]
Host: maven.minecraftforge.net [172.67.161.211, 104.21.58.163]
Host: libraries.minecraft.net [150.171.109.53]
Host: launchermeta.mojang.com [150.171.109.53]
Host: piston-meta.mojang.com [150.171.109.53]
Host: sessionserver.mojang.com [150.171.109.53]
Host: authserver.mojang.com [Unknown]
Target Directory: C:\Users\Work\AppData\Roaming\.minecraft
Data kindly mirrored by CreeperHost at https://www.creeperhost.net/
Extracting json
Considering minecraft client jar
Downloading libraries
Found 0 additional library directories
Considering library net.minecraftforge:forge:26.2-65.1.3:universal
  File exists: Checksum validated.
Considering library net.minecraftforge:forge:26.2-65.1.3:client
  File exists: Checksum validated.
Considering library net.minecraftforge:JarJarFileSystems:0.4.2
  File exists: Checksum validated.
Considering library net.minecraftforge:roimfs:1.0.0
  File exists: Checksum validated.
Considering library com.google.guava:guava:33.6.0-jre
  File exists: Checksum validated.
Considering library com.google.guava:failureaccess:1.0.3
  File exists: Checksum validated.
Considering library net.minecraftforge:securemodules:2.2.24
  File exists: Checksum validated.
Considering library net.minecraftforge:unsafe:0.9.2
  File exists: Checksum validated.
Considering library org.ow2.asm:asm:9.10.1
  File exists: Checksum validated.
Considering library org.ow2.asm:asm-tree:9.10.1
  File exists: Checksum validated.
Considering library org.ow2.asm:asm-util:9.10.1
  File exists: Checksum validated.
Considering library org.ow2.asm:asm-commons:9.10.1
  File exists: Checksum validated.
Considering library org.ow2.asm:asm-analysis:9.10.1
  File exists: Checksum validated.
Considering library net.minecraftforge:bootstrap:2.1.8
  File exists: Checksum validated.
Considering library net.minecraftforge:bootstrap-api:2.1.8
  File exists: Checksum validated.
Considering library net.minecraftforge:accesstransformers:8.2.17
  File exists: Checksum validated.
Considering library net.minecraftforge:eventbus:7.0.5
  File exists: Checksum validated.
Considering library org.jspecify:jspecify:1.0.0
  File exists: Checksum validated.
Considering library net.minecraftforge:forgespi:8.0.0
  File exists: Checksum validated.
Considering library net.minecraftforge:coremods-api:5.3.1
  File exists: Checksum validated.
Considering library net.minecraftforge:modlauncher:10.2.6
  File exists: Checksum validated.
Considering library net.minecraftforge:mergetool-api:1.0
  File exists: Checksum validated.
Considering library com.electronwill.night-config:toml:3.7.4
  File exists: Checksum validated.
Considering library com.electronwill.night-config:core:3.7.4
  File exists: Checksum validated.
Considering library org.apache.maven:maven-artifact:3.8.8
  File exists: Checksum validated.
Considering library net.minecrell:terminalconsoleappender:1.2.0
  File exists: Checksum validated.
Considering library org.jline:jline-reader:3.25.1
  File exists: Checksum validated.
Considering library org.jline:jline-terminal:3.25.1
  File exists: Checksum validated.
Considering library org.jline:jline-terminal-jna:3.25.1
  File exists: Checksum validated.
Considering library org.spongepowered:mixin:0.8.7
  File exists: Checksum validated.
Considering library io.github.llamalad7:mixinextras-forge:0.5.4
  File exists: Checksum validated.
Considering library net.minecraftforge:JarJarSelector:0.4.2
  File exists: Checksum validated.
Considering library net.minecraftforge:JarJarMetadata:0.4.2
  File exists: Checksum validated.
Considering library net.minecraftforge:fmlcore:26.2-65.1.3
  File exists: Checksum validated.
Considering library net.minecraftforge:fmlloader:26.2-65.1.3
  File exists: Checksum validated.
Considering library net.minecraftforge:fmlearlydisplay:26.2-65.1.3
  File exists: Checksum validated.
Considering library net.minecraftforge:javafmllanguage:26.2-65.1.3
  File exists: Checksum validated.
Considering library net.minecraftforge:lowcodelanguage:26.2-65.1.3
  File exists: Checksum validated.
Considering library net.minecraftforge:mclanguage:26.2-65.1.3
  File exists: Checksum validated.
Considering library net.minecraftforge:forge-transformers:26.2-65.1.3
  File exists: Checksum validated.
Considering library com.github.jponge:lzma-java:1.3
  File exists: Checksum validated.
Considering library com.google.code.gson:gson:2.10.1
  File exists: Checksum validated.
Considering library com.nothome:javaxdelta:2.0.1
  File exists: Checksum validated.
Considering library de.siegmar:fastcsv:2.2.2
  File exists: Checksum validated.
Considering library net.minecraftforge:binarypatcher:1.3.4
  File exists: Checksum validated.
Considering library net.minecraftforge:forge:26.2-65.1.3:shim
  File exists: Checksum validated.
Considering library net.minecraftforge:forge:26.2-65.1.3:universal
  File exists: Checksum validated.
Considering library net.minecraftforge:hash-utils:0.2.3
  File exists: Checksum validated.
Considering library net.minecraftforge:installertools:1.4.5
  File exists: Checksum validated.
Considering library net.minecraftforge:srgutils:0.6.2
  File exists: Checksum validated.
Considering library net.minecraftforge:srgutils:0.6.6
  File exists: Checksum validated.
Considering library net.sf.jopt-simple:jopt-simple:6.0-alpha-3
  File exists: Checksum validated.
Considering library org.ow2.asm:asm-commons:9.9.1
  File exists: Checksum validated.
Considering library org.ow2.asm:asm-tree:9.9.1
  File exists: Checksum validated.
Considering library org.ow2.asm:asm:9.9.1
  File exists: Checksum validated.
Considering library trove:trove:1.0.2
  File exists: Checksum validated.
Created Temporary Directory: C:\Users\Work\AppData\Local\Temp\forge_installer6717166562517673681
  Extracting: /data/client.lzma
Building Processor
===============================================================================
  Cache: 
    C:\Users\Work\AppData\Roaming\.minecraft\libraries\net\minecraftforge\forge\26.2-65.1.3\forge-26.2-65.1.3-client.jar Validated: be81e6d24785e467d30f30bcf31c18733233d3fe
  Cache Hit!
Injecting profile
Successfully installed client into launcher.
You can delete this installer file now if you wish
